[0m00:52:04.929184 [debug] [MainThread]: Sending event: {'category': 'dbt', 'action': 'invocation', 'label': 'start', 'context': [<snowplow_tracker.self_describing_json.SelfDescribingJson object at 0x11f25d030>, <snowplow_tracker.self_describing_json.SelfDescribingJson object at 0x123406d10>, <snowplow_tracker.self_describing_json.SelfDescribingJson object at 0x123407eb0>]}


============================== 00:52:04.933001 | a4ca4a2d-4b56-45e3-b784-983bb65e7854 ==============================
[0m00:52:04.933001 [info ] [MainThread]: Running with dbt=1.8.3
[0m00:52:04.933371 [debug] [MainThread]: running dbt with arguments {'printer_width': '80', 'indirect_selection': 'eager', 'log_cache_events': 'False', 'write_json': 'True', 'partial_parse': 'True', 'cache_selected_only': 'False', 'profiles_dir': '/Users/datadenken/.dbt', 'debug': 'False', 'warn_error': 'None', 'log_path': 'logs', 'version_check': 'True', 'fail_fast': 'False', 'use_colors': 'True', 'use_experimental_parser': 'False', 'no_print': 'None', 'quiet': 'False', 'empty': 'None', 'log_format': 'default', 'static_parser': 'True', 'warn_error_options': 'WarnErrorOptions(include=[], exclude=[])', 'invocation_command': 'dbt init', 'target_path': 'None', 'introspect': 'True', 'send_anonymous_usage_stats': 'True'}
[0m00:52:28.619757 [debug] [MainThread]: Starter project path: /opt/homebrew/Caskroom/miniforge/base/lib/python3.10/site-packages/dbt/include/starter_project
[0m00:52:28.625479 [info ] [MainThread]: 
Your new dbt project "bag_postgres" was created!

For more information on how to configure the profiles.yml file,
please consult the dbt documentation here:

  https://docs.getdbt.com/docs/configure-your-profile

One more thing:

Need help? Don't hesitate to reach out to us via GitHub issues or on Slack:

  https://community.getdbt.com/

Happy modeling!

[0m00:52:28.625861 [info ] [MainThread]: Setting up your profile.
[0m00:53:27.702533 [info ] [MainThread]: Profile bag_postgres written to /Users/datadenken/.dbt/profiles.yml using target's profile_template.yml and your supplied values. Run 'dbt debug' to validate the connection.
[0m00:53:27.705237 [debug] [MainThread]: Resource report: {"command_name": "init", "command_success": true, "command_wall_clock_time": 82.82019, "process_user_time": 1.21008, "process_kernel_time": 2.099799, "process_mem_max_rss": "117391360", "process_in_blocks": "0", "process_out_blocks": "0"}
[0m00:53:27.705965 [debug] [MainThread]: Command `dbt init` succeeded at 00:53:27.705864 after 82.82 seconds
[0m00:53:27.706340 [debug] [MainThread]: Sending event: {'category': 'dbt', 'action': 'invocation', 'label': 'end', 'context': [<snowplow_tracker.self_describing_json.SelfDescribingJson object at 0x11f25d030>, <snowplow_tracker.self_describing_json.SelfDescribingJson object at 0x123a5a8f0>, <snowplow_tracker.self_describing_json.SelfDescribingJson object at 0x123406a70>]}
[0m00:53:27.706809 [debug] [MainThread]: Flushing usage events
[0m00:56:54.752310 [debug] [MainThread]: Sending event: {'category': 'dbt', 'action': 'invocation', 'label': 'start', 'context': [<snowplow_tracker.self_describing_json.SelfDescribingJson object at 0x12e5562f0>, <snowplow_tracker.self_describing_json.SelfDescribingJson object at 0x14990c040>, <snowplow_tracker.self_describing_json.SelfDescribingJson object at 0x14990fee0>]}


============================== 00:56:54.755594 | f8e3cbc3-4d0e-4bdf-93f3-69c41065a958 ==============================
[0m00:56:54.755594 [info ] [MainThread]: Running with dbt=1.8.3
[0m00:56:54.755975 [debug] [MainThread]: running dbt with arguments {'printer_width': '80', 'indirect_selection': 'eager', 'write_json': 'True', 'log_cache_events': 'False', 'partial_parse': 'True', 'cache_selected_only': 'False', 'warn_error': 'None', 'version_check': 'True', 'debug': 'False', 'log_path': 'logs', 'fail_fast': 'False', 'profiles_dir': '/Users/datadenken/.dbt', 'use_colors': 'True', 'use_experimental_parser': 'False', 'no_print': 'None', 'quiet': 'False', 'empty': 'None', 'log_format': 'default', 'introspect': 'True', 'static_parser': 'True', 'invocation_command': 'dbt init', 'target_path': 'None', 'warn_error_options': 'WarnErrorOptions(include=[], exclude=[])', 'send_anonymous_usage_stats': 'True'}
[0m00:57:05.450066 [debug] [MainThread]: Starter project path: /opt/homebrew/Caskroom/miniforge/base/lib/python3.10/site-packages/dbt/include/starter_project
[0m00:57:05.463283 [info ] [MainThread]: 
Your new dbt project "bag_duckdb" was created!

For more information on how to configure the profiles.yml file,
please consult the dbt documentation here:

  https://docs.getdbt.com/docs/configure-your-profile

One more thing:

Need help? Don't hesitate to reach out to us via GitHub issues or on Slack:

  https://community.getdbt.com/

Happy modeling!

[0m00:57:05.463821 [info ] [MainThread]: Setting up your profile.
[0m00:57:09.373584 [debug] [MainThread]: Resource report: {"command_name": "init", "command_success": true, "command_wall_clock_time": 14.662609, "process_user_time": 1.132055, "process_kernel_time": 2.229514, "process_mem_max_rss": "129859584", "process_in_blocks": "0", "process_out_blocks": "0"}
[0m00:57:09.374054 [debug] [MainThread]: Command `dbt init` succeeded at 00:57:09.373994 after 14.66 seconds
[0m00:57:09.374277 [debug] [MainThread]: Sending event: {'category': 'dbt', 'action': 'invocation', 'label': 'end', 'context': [<snowplow_tracker.self_describing_json.SelfDescribingJson object at 0x12e5562f0>, <snowplow_tracker.self_describing_json.SelfDescribingJson object at 0x14990c2e0>, <snowplow_tracker.self_describing_json.SelfDescribingJson object at 0x14990cd30>]}
[0m00:57:09.374505 [debug] [MainThread]: Flushing usage events
[0m07:56:26.655284 [debug] [MainThread]: Sending event: {'category': 'dbt', 'action': 'invocation', 'label': 'start', 'context': [<snowplow_tracker.self_describing_json.SelfDescribingJson object at 0x12695e2f0>, <snowplow_tracker.self_describing_json.SelfDescribingJson object at 0x168e52d10>, <snowplow_tracker.self_describing_json.SelfDescribingJson object at 0x168e53430>]}


============================== 07:56:26.657912 | 96d75e5e-0dbb-4a30-9ede-ff4f14663c37 ==============================
[0m07:56:26.657912 [info ] [MainThread]: Running with dbt=1.8.3
[0m07:56:26.658290 [debug] [MainThread]: running dbt with arguments {'printer_width': '80', 'indirect_selection': 'eager', 'write_json': 'True', 'log_cache_events': 'False', 'partial_parse': 'True', 'cache_selected_only': 'False', 'profiles_dir': '/Users/datadenken/.dbt', 'debug': 'False', 'warn_error': 'None', 'log_path': 'logs', 'fail_fast': 'False', 'version_check': 'True', 'use_colors': 'True', 'use_experimental_parser': 'False', 'empty': 'None', 'quiet': 'False', 'no_print': 'None', 'log_format': 'default', 'introspect': 'True', 'static_parser': 'True', 'warn_error_options': 'WarnErrorOptions(include=[], exclude=[])', 'target_path': 'None', 'invocation_command': 'dbt docs serve', 'send_anonymous_usage_stats': 'True'}
[0m07:56:26.658625 [error] [MainThread]: Encountered an error:
Runtime Error
  No dbt_project.yml found at expected path /Users/datadenken/Documents/GitHub/dbt-bag/dbt_project.yml
  Verify that each entry within packages.yml (and their transitive dependencies) contains a file named dbt_project.yml
  
[0m07:56:26.675541 [debug] [MainThread]: Resource report: {"command_name": "serve", "command_wall_clock_time": 0.059328876, "process_user_time": 1.455877, "process_kernel_time": 1.832926, "process_mem_max_rss": "115163136", "command_success": false, "process_in_blocks": "0", "process_out_blocks": "0"}
[0m07:56:26.676096 [debug] [MainThread]: Command `dbt docs serve` failed at 07:56:26.676029 after 0.06 seconds
[0m07:56:26.676333 [debug] [MainThread]: Sending event: {'category': 'dbt', 'action': 'invocation', 'label': 'end', 'context': [<snowplow_tracker.self_describing_json.SelfDescribingJson object at 0x12695e2f0>, <snowplow_tracker.self_describing_json.SelfDescribingJson object at 0x168e52b30>, <snowplow_tracker.self_describing_json.SelfDescribingJson object at 0x168e52aa0>]}
[0m07:56:26.676552 [debug] [MainThread]: Flushing usage events
[0m07:56:26.690814 [debug] [MainThread]: Error sending anonymous usage statistics. Disabling tracking for this execution. If you wish to permanently disable tracking, see: https://docs.getdbt.com/reference/global-configs#send-anonymous-usage-stats.
[0m08:47:40.752220 [debug] [MainThread]: Sending event: {'category': 'dbt', 'action': 'invocation', 'label': 'start', 'context': [<snowplow_tracker.self_describing_json.SelfDescribingJson object at 0x11f858d00>, <snowplow_tracker.self_describing_json.SelfDescribingJson object at 0x139e46d10>, <snowplow_tracker.self_describing_json.SelfDescribingJson object at 0x139e47430>]}


============================== 08:47:40.755317 | b8a57fd0-d862-4971-9e3d-80927caafc00 ==============================
[0m08:47:40.755317 [info ] [MainThread]: Running with dbt=1.8.3
[0m08:47:40.755692 [debug] [MainThread]: running dbt with arguments {'printer_width': '80', 'indirect_selection': 'eager', 'write_json': 'True', 'log_cache_events': 'False', 'partial_parse': 'True', 'cache_selected_only': 'False', 'profiles_dir': '/Users/datadenken/.dbt', 'fail_fast': 'False', 'debug': 'False', 'log_path': 'logs', 'warn_error': 'None', 'version_check': 'True', 'use_colors': 'True', 'use_experimental_parser': 'False', 'no_print': 'None', 'quiet': 'False', 'empty': 'False', 'log_format': 'default', 'introspect': 'True', 'invocation_command': 'dbt run', 'static_parser': 'True', 'target_path': 'None', 'warn_error_options': 'WarnErrorOptions(include=[], exclude=[])', 'send_anonymous_usage_stats': 'True'}
[0m08:47:40.756042 [error] [MainThread]: Encountered an error:
Runtime Error
  No dbt_project.yml found at expected path /Users/datadenken/Documents/GitHub/dbt-bag/dbt_project.yml
  Verify that each entry within packages.yml (and their transitive dependencies) contains a file named dbt_project.yml
  
[0m08:47:40.766782 [debug] [MainThread]: Resource report: {"command_name": "run", "command_wall_clock_time": 0.054870874, "process_user_time": 1.98529, "process_kernel_time": 1.686852, "process_mem_max_rss": "112361472", "command_success": false, "process_in_blocks": "0", "process_out_blocks": "0"}
[0m08:47:40.767326 [debug] [MainThread]: Command `dbt run` failed at 08:47:40.767258 after 0.06 seconds
[0m08:47:40.767585 [debug] [MainThread]: Sending event: {'category': 'dbt', 'action': 'invocation', 'label': 'end', 'context': [<snowplow_tracker.self_describing_json.SelfDescribingJson object at 0x11f858d00>, <snowplow_tracker.self_describing_json.SelfDescribingJson object at 0x139e46bc0>, <snowplow_tracker.self_describing_json.SelfDescribingJson object at 0x139e46a70>]}
[0m08:47:40.767827 [debug] [MainThread]: Flushing usage events
[0m08:47:40.783389 [debug] [MainThread]: Error sending anonymous usage statistics. Disabling tracking for this execution. If you wish to permanently disable tracking, see: https://docs.getdbt.com/reference/global-configs#send-anonymous-usage-stats.
[0m01:44:31.155964 [debug] [MainThread]: Sending event: {'category': 'dbt', 'action': 'invocation', 'label': 'start', 'context': [<snowplow_tracker.self_describing_json.SelfDescribingJson object at 0x12a658d00>, <snowplow_tracker.self_describing_json.SelfDescribingJson object at 0x13a010250>, <snowplow_tracker.self_describing_json.SelfDescribingJson object at 0x13a013430>]}


============================== 01:44:31.159498 | f5d1f36c-05d8-4fd7-b53e-e5b29d7d487c ==============================
[0m01:44:31.159498 [info ] [MainThread]: Running with dbt=1.8.3
[0m01:44:31.159898 [debug] [MainThread]: running dbt with arguments {'printer_width': '80', 'indirect_selection': 'eager', 'write_json': 'True', 'log_cache_events': 'False', 'partial_parse': 'True', 'cache_selected_only': 'False', 'warn_error': 'None', 'version_check': 'True', 'fail_fast': 'False', 'log_path': 'logs', 'debug': 'False', 'profiles_dir': '/Users/datadenken/.dbt', 'use_colors': 'True', 'use_experimental_parser': 'False', 'no_print': 'None', 'quiet': 'False', 'empty': 'None', 'warn_error_options': 'WarnErrorOptions(include=[], exclude=[])', 'static_parser': 'True', 'invocation_command': 'dbt docs serve', 'log_format': 'default', 'target_path': 'None', 'introspect': 'True', 'send_anonymous_usage_stats': 'True'}
[0m01:44:31.160258 [error] [MainThread]: Encountered an error:
Runtime Error
  No dbt_project.yml found at expected path /Users/datadenken/Documents/GitHub/dbt-bag/dbt_project.yml
  Verify that each entry within packages.yml (and their transitive dependencies) contains a file named dbt_project.yml
  
[0m01:44:31.161231 [debug] [MainThread]: Resource report: {"command_name": "serve", "command_wall_clock_time": 0.041287042, "process_user_time": 1.366121, "process_kernel_time": 1.930182, "process_mem_max_rss": "116506624", "command_success": false, "process_in_blocks": "0", "process_out_blocks": "0"}
[0m01:44:31.161645 [debug] [MainThread]: Command `dbt docs serve` failed at 01:44:31.161589 after 0.04 seconds
[0m01:44:31.161862 [debug] [MainThread]: Sending event: {'category': 'dbt', 'action': 'invocation', 'label': 'end', 'context': [<snowplow_tracker.self_describing_json.SelfDescribingJson object at 0x12a658d00>, <snowplow_tracker.self_describing_json.SelfDescribingJson object at 0x13a0103a0>, <snowplow_tracker.self_describing_json.SelfDescribingJson object at 0x13a0104f0>]}
[0m01:44:31.162065 [debug] [MainThread]: Flushing usage events
[0m08:34:35.320263 [debug] [MainThread]: Sending event: {'category': 'dbt', 'action': 'invocation', 'label': 'start', 'context': [<snowplow_tracker.self_describing_json.SelfDescribingJson object at 0x125b59c30>, <snowplow_tracker.self_describing_json.SelfDescribingJson object at 0x13030ad10>, <snowplow_tracker.self_describing_json.SelfDescribingJson object at 0x13030b460>]}


============================== 08:34:35.323943 | 78a18e79-ee17-45ce-bbb4-5754479264c8 ==============================
[0m08:34:35.323943 [info ] [MainThread]: Running with dbt=1.8.3
[0m08:34:35.324372 [debug] [MainThread]: running dbt with arguments {'printer_width': '80', 'indirect_selection': 'eager', 'log_cache_events': 'False', 'write_json': 'True', 'partial_parse': 'True', 'cache_selected_only': 'False', 'warn_error': 'None', 'fail_fast': 'False', 'debug': 'False', 'log_path': 'logs', 'profiles_dir': '/Users/datadenken/.dbt', 'version_check': 'True', 'use_colors': 'True', 'use_experimental_parser': 'False', 'empty': 'None', 'quiet': 'False', 'no_print': 'None', 'warn_error_options': 'WarnErrorOptions(include=[], exclude=[])', 'introspect': 'True', 'static_parser': 'True', 'invocation_command': 'dbt debug', 'target_path': 'None', 'log_format': 'default', 'send_anonymous_usage_stats': 'True'}
[0m08:34:35.334474 [info ] [MainThread]: dbt version: 1.8.3
[0m08:34:35.334748 [info ] [MainThread]: python version: 3.10.9
[0m08:34:35.334938 [info ] [MainThread]: python path: /opt/homebrew/Caskroom/miniforge/base/bin/python
[0m08:34:35.335115 [info ] [MainThread]: os info: macOS-15.3.1-arm64-arm-64bit
[0m08:34:35.336286 [info ] [MainThread]: target not specified in profile 'bag', using 'default'
[0m08:34:35.379331 [info ] [MainThread]: target not specified in profile 'hackathon', using 'default'
[0m08:34:35.438196 [info ] [MainThread]: Using profiles dir at /Users/datadenken/.dbt
[0m08:34:35.438536 [info ] [MainThread]: Using profiles.yml file at /Users/datadenken/.dbt/profiles.yml
[0m08:34:35.438726 [info ] [MainThread]: Using dbt_project.yml file at /Users/datadenken/Documents/GitHub/dbt-bag/dbt_project.yml
[0m08:34:35.438915 [info ] [MainThread]: Configuration:
[0m08:34:35.439084 [info ] [MainThread]:   profiles.yml file [[31mERROR invalid[0m]
[0m08:34:35.439251 [info ] [MainThread]:   dbt_project.yml file [[31mERROR not found[0m]
[0m08:34:35.439419 [info ] [MainThread]: Required dependencies:
[0m08:34:35.439622 [debug] [MainThread]: Executing "git --help"
[0m08:34:35.457710 [debug] [MainThread]: STDOUT: "b"usage: git [-v | --version] [-h | --help] [-C <path>] [-c <name>=<value>]\n           [--exec-path[=<path>]] [--html-path] [--man-path] [--info-path]\n           [-p | --paginate | -P | --no-pager] [--no-replace-objects] [--bare]\n           [--git-dir=<path>] [--work-tree=<path>] [--namespace=<name>]\n           [--super-prefix=<path>] [--config-env=<name>=<envvar>]\n           <command> [<args>]\n\nThese are common Git commands used in various situations:\n\nstart a working area (see also: git help tutorial)\n   clone     Clone a repository into a new directory\n   init      Create an empty Git repository or reinitialize an existing one\n\nwork on the current change (see also: git help everyday)\n   add       Add file contents to the index\n   mv        Move or rename a file, a directory, or a symlink\n   restore   Restore working tree files\n   rm        Remove files from the working tree and from the index\n\nexamine the history and state (see also: git help revisions)\n   bisect    Use binary search to find the commit that introduced a bug\n   diff      Show changes between commits, commit and working tree, etc\n   grep      Print lines matching a pattern\n   log       Show commit logs\n   show      Show various types of objects\n   status    Show the working tree status\n\ngrow, mark and tweak your common history\n   branch    List, create, or delete branches\n   commit    Record changes to the repository\n   merge     Join two or more development histories together\n   rebase    Reapply commits on top of another base tip\n   reset     Reset current HEAD to the specified state\n   switch    Switch branches\n   tag       Create, list, delete or verify a tag object signed with GPG\n\ncollaborate (see also: git help workflows)\n   fetch     Download objects and refs from another repository\n   pull      Fetch from and integrate with another repository or a local branch\n   push      Update remote refs along with associated objects\n\n'git help -a' and 'git help -g' list available subcommands and some\nconcept guides. See 'git help <command>' or 'git help <concept>'\nto read about a specific subcommand or concept.\nSee 'git help git' for an overview of the system.\n""
[0m08:34:35.458384 [debug] [MainThread]: STDERR: "b''"
[0m08:34:35.458613 [info ] [MainThread]:  - git [[32mOK found[0m]

[0m08:34:35.458837 [info ] [MainThread]: Connection test skipped since no profile was found
[0m08:34:35.459098 [info ] [MainThread]: [31m2 checks failed:[0m
[0m08:34:35.459292 [info ] [MainThread]: Could not load dbt_project.yml
Profile loading failed for the following reason:
Runtime Error
  The profile 'bag' does not have a target named 'default'. The valid target names for this profile are:
   - dev

Runtime Error
  The profile 'hackathon' does not have a target named 'default'. The valid target names for this profile are:
   - dev


[0m08:34:35.459482 [info ] [MainThread]: Project loading failed for the following reason:
 project path </Users/datadenken/Documents/GitHub/dbt-bag/dbt_project.yml> not found

[0m08:34:35.461286 [debug] [MainThread]: Resource report: {"command_name": "debug", "command_wall_clock_time": 0.18528017, "process_user_time": 1.258442, "process_kernel_time": 2.117563, "process_mem_max_rss": "135380992", "command_success": false, "process_in_blocks": "0", "process_out_blocks": "0"}
[0m08:34:35.461758 [debug] [MainThread]: Command `dbt debug` failed at 08:34:35.461696 after 0.19 seconds
[0m08:34:35.462070 [debug] [MainThread]: Sending event: {'category': 'dbt', 'action': 'invocation', 'label': 'end', 'context': [<snowplow_tracker.self_describing_json.SelfDescribingJson object at 0x125b59c30>, <snowplow_tracker.self_describing_json.SelfDescribingJson object at 0x130b4be50>, <snowplow_tracker.self_describing_json.SelfDescribingJson object at 0x130306da0>]}
[0m08:34:35.462337 [debug] [MainThread]: Flushing usage events
[0m07:57:27.116586 [debug] [MainThread]: Sending event: {'category': 'dbt', 'action': 'invocation', 'label': 'start', 'context': [<snowplow_tracker.self_describing_json.SelfDescribingJson object at 0x10631c6e0>, <snowplow_tracker.self_describing_json.SelfDescribingJson object at 0x112307750>, <snowplow_tracker.self_describing_json.SelfDescribingJson object at 0x112307890>]}


============================== 07:57:27.120096 | 53549c62-f10f-4469-9c77-c451f6849626 ==============================
[0m07:57:27.120096 [info ] [MainThread]: Running with dbt=1.12.2
[0m07:57:27.120481 [debug] [MainThread]: running dbt with arguments {'empty': 'False', 'debug': 'False', 'introspect': 'True', 'log_cache_events': 'False', 'static_parser': 'True', 'printer_width': '80', 'warn_error': 'None', 'log_path': 'logs', 'use_colors': 'True', 'profiles_dir': '/Users/datadenken/.dbt', 'partial_parse': 'True', 'invocation_command': 'dbt run -m stand_woonplaats', 'maximum_seed_size_mib': '1', 'hints_enabled': 'True', 'send_anonymous_usage_stats': 'True', 'warn_error_options': 'WarnErrorOptionsV2(error=[], warn=[], silence=[])', 'fail_fast': 'False', 'version_check': 'True', 'target_path': 'None', 'cache_selected_only': 'False', 'indirect_selection': 'eager', 'log_format': 'default', 'quiet': 'False', 'use_experimental_parser': 'False', 'no_print': 'None', 'write_json': 'True'}
[0m07:57:27.120808 [warn ] [MainThread]: [[33mWARNING[0m][ModelParamUsageDeprecation]: Deprecated functionality
Usage of `--models`, `--model`, and `-m` is deprecated in favor of `--select` or
`-s`.
[0m07:57:27.121019 [debug] [MainThread]: Sending event: {'category': 'dbt', 'action': 'deprecation', 'label': '53549c62-f10f-4469-9c77-c451f6849626', 'property_': 'warn', 'context': [<snowplow_tracker.self_describing_json.SelfDescribingJson object at 0x1123129e0>]}
[0m07:57:27.121425 [error] [MainThread]: [[31mERROR[0m]: Encountered an error:
Runtime Error
  No dbt_project.yml found at expected path /Users/datadenken/Documents/GitHub/dbt-bag/dbt_project.yml
  Verify that each entry within packages.yml (and their transitive dependencies) contains a file named dbt_project.yml
  
[0m07:57:27.121772 [warn ] [MainThread]: [[33mWARNING[0m][DeprecationsSummary]: Deprecated functionality
Summary of encountered deprecations:
- ModelParamUsageDeprecation: 1 occurrence
To see all deprecation instances instead of just the first occurrence of each,
run command again with the `--show-all-deprecations` flag. You may also need to
run with `--no-partial-parse` as some deprecations are only encountered during
parsing.
[0m07:57:27.257726 [debug] [MainThread]: Resource report: {"command_name": "run", "command_success": false, "command_wall_clock_time": 0.20268263, "process_in_blocks": "0", "process_kernel_time": 0.135917, "process_mem_max_rss": "126763008", "process_out_blocks": "0", "process_user_time": 0.897396}
[0m07:57:27.258159 [debug] [MainThread]: Command `dbt run` failed at 07:57:27.258094 after 0.20 seconds
[0m07:57:27.258395 [debug] [MainThread]: Sending event: {'category': 'dbt', 'action': 'invocation', 'label': 'end', 'context': [<snowplow_tracker.self_describing_json.SelfDescribingJson object at 0x112349e10>, <snowplow_tracker.self_describing_json.SelfDescribingJson object at 0x112349f20>, <snowplow_tracker.self_describing_json.SelfDescribingJson object at 0x112113150>]}
[0m07:57:27.258605 [debug] [MainThread]: Flushing usage events
[0m07:57:27.859031 [debug] [MainThread]: An error was encountered while trying to flush usage events
[0m07:57:58.994308 [debug] [MainThread]: Sending event: {'category': 'dbt', 'action': 'invocation', 'label': 'start', 'context': [<snowplow_tracker.self_describing_json.SelfDescribingJson object at 0x10725c6e0>, <snowplow_tracker.self_describing_json.SelfDescribingJson object at 0x119cbf750>, <snowplow_tracker.self_describing_json.SelfDescribingJson object at 0x119cbf890>]}


============================== 07:57:58.997857 | 3d67159d-b730-4a82-8b80-d93aead430c4 ==============================
[0m07:57:58.997857 [info ] [MainThread]: Running with dbt=1.12.2
[0m07:57:58.998268 [debug] [MainThread]: running dbt with arguments {'cache_selected_only': 'False', 'use_experimental_parser': 'False', 'log_path': 'logs', 'partial_parse': 'True', 'profiles_dir': '/Users/datadenken/.dbt', 'fail_fast': 'False', 'maximum_seed_size_mib': '1', 'debug': 'False', 'write_json': 'True', 'warn_error_options': 'WarnErrorOptionsV2(error=[], warn=[], silence=[])', 'invocation_command': 'dbt debug', 'static_parser': 'True', 'use_colors': 'True', 'printer_width': '80', 'no_print': 'None', 'hints_enabled': 'True', 'indirect_selection': 'eager', 'log_format': 'default', 'empty': 'None', 'send_anonymous_usage_stats': 'True', 'quiet': 'False', 'version_check': 'True', 'log_cache_events': 'False', 'warn_error': 'None', 'target_path': 'None', 'introspect': 'True'}
[0m07:57:59.009588 [info ] [MainThread]: dbt version: 1.12.2
[0m07:57:59.010022 [info ] [MainThread]: python version: 3.13.13
[0m07:57:59.010251 [info ] [MainThread]: python path: /opt/homebrew/Caskroom/miniforge/base/bin/python3.13
[0m07:57:59.010423 [info ] [MainThread]: os info: macOS-26.5.2-arm64-arm-64bit-Mach-O
[0m07:57:59.011886 [info ] [MainThread]: target not specified in profile 'bag', using 'default'
[0m07:57:59.014609 [info ] [MainThread]: Error importing adapter: No module named 'dbt.adapters.postgres'
[0m07:57:59.015584 [info ] [MainThread]: target not specified in profile 'hackathon', using 'default'
[0m07:57:59.016830 [info ] [MainThread]: Error importing adapter: No module named 'dbt.adapters.duckdb'
[0m07:57:59.017902 [info ] [MainThread]: Error importing adapter: No module named 'dbt.adapters.duckdb'
[0m07:57:59.018228 [info ] [MainThread]: Using profiles dir at /Users/datadenken/.dbt
[0m07:57:59.018407 [info ] [MainThread]: Using profiles.yml file at /Users/datadenken/.dbt/profiles.yml
[0m07:57:59.018566 [info ] [MainThread]: Using dbt_project.yml file at /Users/datadenken/Documents/GitHub/dbt-bag/dbt_project.yml
[0m07:57:59.018739 [info ] [MainThread]: Configuration:
[0m07:57:59.019013 [info ] [MainThread]:   profiles.yml file [[31mERROR invalid[0m]
[0m07:57:59.019218 [info ] [MainThread]:   dbt_project.yml file [[31mERROR not found[0m]
[0m07:57:59.019383 [info ] [MainThread]: Required dependencies:
[0m07:57:59.019628 [debug] [MainThread]: Executing "git --help"
[0m07:57:59.040558 [debug] [MainThread]: STDOUT: "b"usage: git [-v | --version] [-h | --help] [-C <path>] [-c <name>=<value>]\n           [--exec-path[=<path>]] [--html-path] [--man-path] [--info-path]\n           [-p | --paginate | -P | --no-pager] [--no-replace-objects] [--no-lazy-fetch]\n           [--no-optional-locks] [--no-advice] [--bare] [--git-dir=<path>]\n           [--work-tree=<path>] [--namespace=<name>] [--config-env=<name>=<envvar>]\n           <command> [<args>]\n\nThese are common Git commands used in various situations:\n\nstart a working area (see also: git help tutorial)\n   clone      Clone a repository into a new directory\n   init       Create an empty Git repository or reinitialize an existing one\n\nwork on the current change (see also: git help everyday)\n   add        Add file contents to the index\n   mv         Move or rename a file, a directory, or a symlink\n   restore    Restore working tree files\n   rm         Remove files from the working tree and from the index\n\nexamine the history and state (see also: git help revisions)\n   bisect     Use binary search to find the commit that introduced a bug\n   diff       Show changes between commits, commit and working tree, etc\n   grep       Print lines matching a pattern\n   log        Show commit logs\n   show       Show various types of objects\n   status     Show the working tree status\n\ngrow, mark and tweak your common history\n   backfill   Download missing objects in a partial clone\n   branch     List, create, or delete branches\n   commit     Record changes to the repository\n   merge      Join two or more development histories together\n   rebase     Reapply commits on top of another base tip\n   reset      Reset current HEAD to the specified state\n   switch     Switch branches\n   tag        Create, list, delete or verify a tag object signed with GPG\n\ncollaborate (see also: git help workflows)\n   fetch      Download objects and refs from another repository\n   pull       Fetch from and integrate with another repository or a local branch\n   push       Update remote refs along with associated objects\n\n'git help -a' and 'git help -g' list available subcommands and some\nconcept guides. See 'git help <command>' or 'git help <concept>'\nto read about a specific subcommand or concept.\nSee 'git help git' for an overview of the system.\n""
[0m07:57:59.041671 [debug] [MainThread]: STDERR: "b''"
[0m07:57:59.041901 [info ] [MainThread]:  - git [[32mOK found[0m]

[0m07:57:59.042097 [info ] [MainThread]: Connection test skipped since no profile was found
[0m07:57:59.042348 [info ] [MainThread]: [31m2 checks failed:[0m
[0m07:57:59.042523 [info ] [MainThread]: Could not load dbt_project.yml
Profile loading failed for the following reason:
Runtime Error
  The profile 'bag' does not have a target named 'default'. The valid target names for this profile are:
   - dev

Runtime Error
  Credentials in profile "bag_postgres", target "dev" invalid: Runtime Error
    Could not find adapter type postgres!

Runtime Error
  The profile 'hackathon' does not have a target named 'default'. The valid target names for this profile are:
   - dev

Runtime Error
  Credentials in profile "test", target "dev" invalid: Runtime Error
    Could not find adapter type duckdb!

Runtime Error
  Credentials in profile "bag_duckdb", target "dev" invalid: Runtime Error
    Could not find adapter type duckdb!


[0m07:57:59.042700 [info ] [MainThread]: Project loading failed for the following reason:
 project path </Users/datadenken/Documents/GitHub/dbt-bag/dbt_project.yml> not found

[0m07:57:59.045398 [debug] [MainThread]: Resource report: {"command_name": "debug", "command_success": false, "command_wall_clock_time": 0.10769375, "process_in_blocks": "0", "process_kernel_time": 0.174076, "process_mem_max_rss": "128352256", "process_out_blocks": "0", "process_user_time": 0.904588}
[0m07:57:59.045785 [debug] [MainThread]: Command `dbt debug` failed at 07:57:59.045720 after 0.11 seconds
[0m07:57:59.046083 [debug] [MainThread]: Sending event: {'category': 'dbt', 'action': 'invocation', 'label': 'end', 'context': [<snowplow_tracker.self_describing_json.SelfDescribingJson object at 0x119dd8e90>, <snowplow_tracker.self_describing_json.SelfDescribingJson object at 0x119db0950>, <snowplow_tracker.self_describing_json.SelfDescribingJson object at 0x119d578a0>]}
[0m07:57:59.046336 [debug] [MainThread]: Flushing usage events
[0m07:57:59.573131 [debug] [MainThread]: An error was encountered while trying to flush usage events
